Archive member included to satisfy reference by file (symbol)

c:/program files (x86)/atmel/studio/7.0/toolchain/arm/arm-gnu-toolchain/bin/../lib/gcc/arm-none-eabi/6.3.1/thumb/v8-m.base\libgcc.a(cmse_nonsecure_call.o)
                              build/Release/production/_ext/1472/main.o (__gnu_cmse_nonsecure_call)
c:/program files (x86)/atmel/studio/7.0/toolchain/arm/arm-gnu-toolchain/bin/../lib/gcc/arm-none-eabi/6.3.1/thumb/v8-m.base\libgcc.a(_aeabi_uldivmod.o)
                              build/Release/production/_ext/41939163/hpl_sercom.o (__aeabi_uldivmod)
c:/program files (x86)/atmel/studio/7.0/toolchain/arm/arm-gnu-toolchain/bin/../lib/gcc/arm-none-eabi/6.3.1/thumb/v8-m.base\libgcc.a(_muldi3.o)
                              build/Release/production/_ext/41939163/hpl_sercom.o (__aeabi_lmul)
c:/program files (x86)/atmel/studio/7.0/toolchain/arm/arm-gnu-toolchain/bin/../lib/gcc/arm-none-eabi/6.3.1/thumb/v8-m.base\libgcc.a(_fixunsdfsi.o)
                              build/Release/production/_ext/41939163/hpl_sercom.o (__aeabi_d2uiz)
c:/program files (x86)/atmel/studio/7.0/toolchain/arm/arm-gnu-toolchain/bin/../lib/gcc/arm-none-eabi/6.3.1/thumb/v8-m.base\libgcc.a(_udivmoddi4.o)
                              c:/program files (x86)/atmel/studio/7.0/toolchain/arm/arm-gnu-toolchain/bin/../lib/gcc/arm-none-eabi/6.3.1/thumb/v8-m.base\libgcc.a(_aeabi_uldivmod.o) (__udivmoddi4)
c:/program files (x86)/atmel/studio/7.0/toolchain/arm/arm-gnu-toolchain/bin/../lib/gcc/arm-none-eabi/6.3.1/thumb/v8-m.base\libgcc.a(divdf3.o)
                              build/Release/production/_ext/41939163/hpl_sercom.o (__aeabi_ddiv)
c:/program files (x86)/atmel/studio/7.0/toolchain/arm/arm-gnu-toolchain/bin/../lib/gcc/arm-none-eabi/6.3.1/thumb/v8-m.base\libgcc.a(muldf3.o)
                              build/Release/production/_ext/41939163/hpl_sercom.o (__aeabi_dmul)
c:/program files (x86)/atmel/studio/7.0/toolchain/arm/arm-gnu-toolchain/bin/../lib/gcc/arm-none-eabi/6.3.1/thumb/v8-m.base\libgcc.a(subdf3.o)
                              build/Release/production/_ext/41939163/hpl_sercom.o (__aeabi_dsub)
c:/program files (x86)/atmel/studio/7.0/toolchain/arm/arm-gnu-toolchain/bin/../lib/gcc/arm-none-eabi/6.3.1/thumb/v8-m.base\libgcc.a(fixdfsi.o)
                              c:/program files (x86)/atmel/studio/7.0/toolchain/arm/arm-gnu-toolchain/bin/../lib/gcc/arm-none-eabi/6.3.1/thumb/v8-m.base\libgcc.a(_fixunsdfsi.o) (__aeabi_d2iz)
c:/program files (x86)/atmel/studio/7.0/toolchain/arm/arm-gnu-toolchain/bin/../lib/gcc/arm-none-eabi/6.3.1/thumb/v8-m.base\libgcc.a(floatsidf.o)
                              build/Release/production/_ext/41939163/hpl_sercom.o (__aeabi_i2d)
c:/program files (x86)/atmel/studio/7.0/toolchain/arm/arm-gnu-toolchain/bin/../lib/gcc/arm-none-eabi/6.3.1/thumb/v8-m.base\libgcc.a(floatunsidf.o)
                              build/Release/production/_ext/41939163/hpl_sercom.o (__aeabi_ui2d)
c:/program files (x86)/atmel/studio/7.0/toolchain/arm/arm-gnu-toolchain/bin/../lib/gcc/arm-none-eabi/6.3.1/thumb/v8-m.base\libgcc.a(_dvmd_tls.o)
                              c:/program files (x86)/atmel/studio/7.0/toolchain/arm/arm-gnu-toolchain/bin/../lib/gcc/arm-none-eabi/6.3.1/thumb/v8-m.base\libgcc.a(_aeabi_uldivmod.o) (__aeabi_ldiv0)
c:/program files (x86)/atmel/studio/7.0/toolchain/arm/arm-gnu-toolchain/bin/../lib/gcc/arm-none-eabi/6.3.1/thumb/v8-m.base\libgcc.a(_arm_cmpdf2.o)
                              c:/program files (x86)/atmel/studio/7.0/toolchain/arm/arm-gnu-toolchain/bin/../lib/gcc/arm-none-eabi/6.3.1/thumb/v8-m.base\libgcc.a(_fixunsdfsi.o) (__aeabi_dcmpge)
c:/program files (x86)/atmel/studio/7.0/toolchain/arm/arm-gnu-toolchain/bin/../lib/gcc/arm-none-eabi/6.3.1/thumb/v8-m.base\libgcc.a(_clzsi2.o)
                              c:/program files (x86)/atmel/studio/7.0/toolchain/arm/arm-gnu-toolchain/bin/../lib/gcc/arm-none-eabi/6.3.1/thumb/v8-m.base\libgcc.a(_udivmoddi4.o) (__clzsi2)
c:/program files (x86)/atmel/studio/7.0/toolchain/arm/arm-gnu-toolchain/bin/../lib/gcc/arm-none-eabi/6.3.1/thumb/v8-m.base\libgcc.a(eqdf2.o)
                              c:/program files (x86)/atmel/studio/7.0/toolchain/arm/arm-gnu-toolchain/bin/../lib/gcc/arm-none-eabi/6.3.1/thumb/v8-m.base\libgcc.a(_arm_cmpdf2.o) (__eqdf2)
c:/program files (x86)/atmel/studio/7.0/toolchain/arm/arm-gnu-toolchain/bin/../lib/gcc/arm-none-eabi/6.3.1/thumb/v8-m.base\libgcc.a(gedf2.o)
                              c:/program files (x86)/atmel/studio/7.0/toolchain/arm/arm-gnu-toolchain/bin/../lib/gcc/arm-none-eabi/6.3.1/thumb/v8-m.base\libgcc.a(_arm_cmpdf2.o) (__gedf2)
c:/program files (x86)/atmel/studio/7.0/toolchain/arm/arm-gnu-toolchain/bin/../lib/gcc/arm-none-eabi/6.3.1/thumb/v8-m.base\libgcc.a(ledf2.o)
                              c:/program files (x86)/atmel/studio/7.0/toolchain/arm/arm-gnu-toolchain/bin/../lib/gcc/arm-none-eabi/6.3.1/thumb/v8-m.base\libgcc.a(_arm_cmpdf2.o) (__ledf2)
[...]
Memory Configuration

Name             Origin             Length             Attributes
rom              0x00000000         0x00007c00         xr
rom_nsc          0x00007c00         0x00000400         xr
ram              0x20000000         0x00002000         xrw
userrow          0x00804000         0x00000100         rw
*default*        0x00000000         0xffffffff

Linker script and memory map

LOAD c:/program files (x86)/atmel/studio/7.0/toolchain/arm/arm-gnu-toolchain/bin/../lib/gcc/arm-none-eabi/6.3.1/thumb/v8-m.base/crti.o
LOAD c:/program files (x86)/atmel/studio/7.0/toolchain/arm/arm-gnu-toolchain/bin/../lib/gcc/arm-none-eabi/6.3.1/thumb/v8-m.base/crtbegin.o
LOAD c:/program files (x86)/atmel/studio/7.0/toolchain/arm/arm-gnu-toolchain/bin/../lib/gcc/arm-none-eabi/6.3.1/../../../../arm-none-eabi/lib/thumb/v8-m.base/crt0.o
LOAD build/Release/production/_ext/1301743165/startup_saml11e16a.o
LOAD build/Release/production/_ext/1301743165/system_saml11e16a.o
LOAD build/Release/production/_ext/1381494712/driver_examples.o
LOAD build/Release/production/_ext/991121639/hal_atomic.o
LOAD build/Release/production/_ext/991121639/hal_delay.o
LOAD build/Release/production/_ext/991121639/hal_gpio.o
LOAD build/Release/production/_ext/991121639/hal_i2c_m_sync.o
LOAD build/Release/production/_ext/991121639/hal_init.o
LOAD build/Release/production/_ext/991121639/hal_io.o
LOAD build/Release/production/_ext/991121639/hal_sleep.o
LOAD build/Release/production/_ext/991121639/hal_usart_sync.o
LOAD build/Release/production/_ext/447684357/utils_assert.o
LOAD build/Release/production/_ext/447684357/utils_event.o
LOAD build/Release/production/_ext/447684357/utils_list.o
LOAD build/Release/production/_ext/447684357/utils_syscalls.o
LOAD build/Release/production/_ext/232825383/hpl_core_m23_base.o
LOAD build/Release/production/_ext/232825383/hpl_init.o
LOAD build/Release/production/_ext/232798043/hpl_dmac.o
LOAD build/Release/production/_ext/232717931/hpl_gclk.o
LOAD build/Release/production/_ext/232539185/hpl_mclk.o
LOAD build/Release/production/_ext/833842894/hpl_osc32kctrl.o
LOAD build/Release/production/_ext/1862940304/hpl_oscctrl.o
LOAD build/Release/production/_ext/1126497609/hpl_pm.o
LOAD build/Release/production/_ext/41939163/hpl_sercom.o
LOAD build/Release/production/_ext/792924830/SecureAuthentication.o
LOAD build/Release/production/_ext/565800185/read.o
LOAD build/Release/production/_ext/565800185/write.o
LOAD build/Release/production/_ext/433002239/stdio_io.o
LOAD build/Release/production/_ext/1708789877/trustzone_manager.o
LOAD build/Release/production/_ext/1708789877/trustzone_veneer.o
LOAD build/Release/production/_ext/1472/atmel_start.o
LOAD build/Release/production/_ext/1472/driver_init.o
LOAD build/Release/production/_ext/1472/main.o
LOAD build/Release/production/_ext/1472/stdio_start.o
                0x00000001                __MPLAB_BUILD = 0x1
LOAD c:/program files (x86)/atmel/studio/7.0/toolchain/arm/arm-gnu-toolchain/bin/../lib/gcc/arm-none-eabi/6.3.1/../../../../arm-none-eabi/lib/thumb/v8-m.base\libm.a
START GROUP
LOAD c:/program files (x86)/atmel/studio/7.0/toolchain/arm/arm-gnu-toolchain/bin/../lib/gcc/arm-none-eabi/6.3.1/thumb/v8-m.base\libgcc.a
LOAD c:/program files (x86)/atmel/studio/7.0/toolchain/arm/arm-gnu-toolchain/bin/../lib/gcc/arm-none-eabi/6.3.1/../../../../arm-none-eabi/lib/thumb/v8-m.base\libc_nano.a
END GROUP
START GROUP
LOAD c:/program files (x86)/atmel/studio/7.0/toolchain/arm/arm-gnu-toolchain/bin/../lib/gcc/arm-none-eabi/6.3.1/thumb/v8-m.base\libgcc.a
LOAD c:/program files (x86)/atmel/studio/7.0/toolchain/arm/arm-gnu-toolchain/bin/../lib/gcc/arm-none-eabi/6.3.1/../../../../arm-none-eabi/lib/thumb/v8-m.base\libc_nano.a
END GROUP
LOAD c:/program files (x86)/atmel/studio/7.0/toolchain/arm/arm-gnu-toolchain/bin/../lib/gcc/arm-none-eabi/6.3.1/thumb/v8-m.base/crtend.o
LOAD c:/program files (x86)/atmel/studio/7.0/toolchain/arm/arm-gnu-toolchain/bin/../lib/gcc/arm-none-eabi/6.3.1/thumb/v8-m.base/crtn.o
                0x00000400                STACK_SIZE = DEFINED (STACK_SIZE)?STACK_SIZE:DEFINED (__stack_size__)?__stack_size__:0x400
                0x00000200                HEAP_SIZE = DEFINED (HEAP_SIZE)?HEAP_SIZE:DEFINED (__heap_size__)?__heap_size__:0x200

.text           0x00000000     0x1e28
                0x00000000                . = ALIGN (0x4)
                0x00000000                _sfixed = .
 *(.vectors .vectors.*)
 .vectors       0x00000000       0xf4 build/Release/production/_ext/1301743165/startup_saml11e16a.o
                0x00000000                exception_table
 *trustzone_veneer.o(.text.*)
 .text.nsc_periph_clock_init
                0x000000f4       0x34 build/Release/production/_ext/1708789877/trustzone_veneer.o
                0x000000f4                __acle_se_nsc_periph_clock_init
 .text.nsc_ext_irq_init
                0x00000128       0xb0 build/Release/production/_ext/1708789877/trustzone_veneer.o
                0x00000128                __acle_se_nsc_ext_irq_init
 .text.nsc_non_secure_console_puts
                0x000001d8       0x28 build/Release/production/_ext/1708789877/trustzone_veneer.o
                0x000001d8                __acle_se_nsc_non_secure_console_puts
 *(.text .text.* .gnu.linkonce.t.*)
 .text          0x00000200       0x6c c:/program files (x86)/atmel/studio/7.0/toolchain/arm/arm-gnu-toolchain/bin/../lib/gcc/arm-none-eabi/6.3.1/thumb/v8-m.base/crtbegin.o
 .text.Dummy_Handler
                0x0000026c        0x2 build/Release/production/_ext/1301743165/startup_saml11e16a.o
                0x0000026c                SVCall_Handler
                0x0000026c                SERCOM0_2_Handler
                0x0000026c                EVSYS_0_Handler
                0x0000026c                TRNG_Handler
                0x0000026c                HardFault_Handler
                0x0000026c                ADC_RESRDY_Handler
                0x0000026c                TC2_Handler
                0x0000026c                AC_Handler
                0x0000026c                DMAC_OTHER_Handler
                0x0000026c                SysTick_Handler
                0x0000026c                PendSV_Handler
                0x0000026c                EVSYS_3_Handler
                0x0000026c                NonMaskableInt_Handler
                0x0000026c                SERCOM0_OTHER_Handler
                0x0000026c                EIC_3_Handler
                0x0000026c                SERCOM0_0_Handler
                0x0000026c                RTC_Handler
                0x0000026c                SERCOM1_OTHER_Handler
                0x0000026c                EVSYS_1_Handler
                0x0000026c                DMAC_0_Handler
                0x0000026c                WDT_Handler
                0x0000026c                TRAM_Handler
                0x0000026c                EVSYS_NSCHK_Handler
                0x0000026c                TC1_Handler
                0x0000026c                DAC_EMPTY_Handler
                0x0000026c                PAC_Handler
                0x0000026c                EIC_0_Handler
                0x0000026c                Dummy_Handler
                0x0000026c                DMAC_2_Handler
                0x0000026c                SERCOM0_1_Handler
                0x0000026c                DMAC_1_Handler
                0x0000026c                SERCOM1_1_Handler
                0x0000026c                EIC_2_Handler
                0x0000026c                NVMCTRL_Handler
                0x0000026c                PORT_Handler
                0x0000026c                SYSTEM_Handler
                0x0000026c                SERCOM1_0_Handler
                0x0000026c                SERCOM2_1_Handler
                0x0000026c                SERCOM1_2_Handler
                0x0000026c                EIC_1_Handler
                0x0000026c                SERCOM2_2_Handler
                0x0000026c                PTC_Handler
                0x0000026c                EVSYS_2_Handler
                0x0000026c                SERCOM2_OTHER_Handler
                0x0000026c                FREQM_Handler
                0x0000026c                DAC_UNDERRUN_A_Handler
                0x0000026c                TC0_Handler
                0x0000026c                EIC_OTHER_Handler
                0x0000026c                ADC_OTHER_Handler
                0x0000026c                DMAC_3_Handler
                0x0000026c                SERCOM2_0_Handler
 *fill*         0x0000026e        0x2 
 .text.Reset_Handler
                0x00000270       0x68 build/Release/production/_ext/1301743165/startup_saml11e16a.o
                0x00000270                Reset_Handler
 .text.i2c_m_sync_write
                0x000002d8       0x2c build/Release/production/_ext/991121639/hal_i2c_m_sync.o
 .text.i2c_m_sync_read
                0x00000304       0x2c build/Release/production/_ext/991121639/hal_i2c_m_sync.o
 .text.i2c_m_sync_init
                0x00000330       0x20 build/Release/production/_ext/991121639/hal_i2c_m_sync.o
                0x00000330                i2c_m_sync_init
 .text.io_write
                0x00000350        0x8 build/Release/production/_ext/991121639/hal_io.o
                0x00000350                io_write
 .text.io_read  0x00000358        0x8 build/Release/production/_ext/991121639/hal_io.o
                0x00000358                io_read
 .text.usart_sync_write
                0x00000360       0x4c build/Release/production/_ext/991121639/hal_usart_sync.o
 .text.usart_sync_read
                0x000003ac       0x34 build/Release/production/_ext/991121639/hal_usart_sync.o
 .text.usart_sync_init
                0x000003e0       0x24 build/Release/production/_ext/991121639/hal_usart_sync.o
                0x000003e0                usart_sync_init
 .text.usart_sync_enable
                0x00000404       0x10 build/Release/production/_ext/991121639/hal_usart_sync.o
                0x00000404                usart_sync_enable
 .text._sbrk    0x00000414       0x1c build/Release/production/_ext/447684357/utils_syscalls.o
                0x00000414                _sbrk
 .text._close   0x00000430        0x6 build/Release/production/_ext/447684357/utils_syscalls.o
                0x00000430                _close
 .text._fstat   0x00000436        0xa build/Release/production/_ext/447684357/utils_syscalls.o
                0x00000436                _fstat
 .text._isatty  0x00000440        0x4 build/Release/production/_ext/447684357/utils_syscalls.o
                0x00000440                _isatty
 .text._lseek   0x00000444        0x4 build/Release/production/_ext/447684357/utils_syscalls.o
                0x00000444                _lseek
 .text._init_chip
                0x00000448       0x44 build/Release/production/_ext/232825383/hpl_init.o
                0x00000448                _init_chip
 .text._gclk_init_generators_by_fref
                0x0000048c       0x1c build/Release/production/_ext/232717931/hpl_gclk.o
                0x0000048c                _gclk_init_generators_by_fref
 .text._mclk_init
                0x000004a8        0xc build/Release/production/_ext/232539185/hpl_mclk.o
                0x000004a8                _mclk_init
 .text._osc32kctrl_init_sources
                0x000004b4       0x18 build/Release/production/_ext/833842894/hpl_osc32kctrl.o
                0x000004b4                _osc32kctrl_init_sources
 .text._oscctrl_init_sources
                0x000004cc       0x1c build/Release/production/_ext/1862940304/hpl_oscctrl.o
                0x000004cc                _oscctrl_init_sources
 .text._oscctrl_init_referenced_generators
                0x000004e8        0x2 build/Release/production/_ext/1862940304/hpl_oscctrl.o
                0x000004e8                _oscctrl_init_referenced_generators
 *fill*         0x000004ea        0x2 
 .text._set_performance_level
                0x000004ec       0x28 build/Release/production/_ext/1126497609/hpl_pm.o
                0x000004ec                _set_performance_level
 .text.hri_sercomi2cm_wait_for_sync
                0x00000514        0x8 build/Release/production/_ext/41939163/hpl_sercom.o
 .text.hri_sercomusart_wait_for_sync
                0x0000051c        0x8 build/Release/production/_ext/41939163/hpl_sercom.o
 .text.hri_sercomi2cm_clear_CTRLA_ENABLE_bit
                0x00000524       0x18 build/Release/production/_ext/41939163/hpl_sercom.o
 .text.hri_sercomusart_clear_CTRLA_ENABLE_bit
                0x0000053c       0x18 build/Release/production/_ext/41939163/hpl_sercom.o
 .text._sercom_get_hardware_index
                0x00000554       0x38 build/Release/production/_ext/41939163/hpl_sercom.o
 .text._get_i2cm_index
                0x0000058c       0x14 build/Release/production/_ext/41939163/hpl_sercom.o
 .text._sercom_i2c_send_stop
                0x000005a0       0x18 build/Release/production/_ext/41939163/hpl_sercom.o
 .text._sercom_i2c_sync_analyse_flags
                0x000005b8      0x188 build/Release/production/_ext/41939163/hpl_sercom.o
 .text._i2c_m_sync_init_impl
                0x00000740       0xb4 build/Release/production/_ext/41939163/hpl_sercom.o
 .text._usart_init
                0x000007f4       0x70 build/Release/production/_ext/41939163/hpl_sercom.o
 .text._usart_sync_init
                0x00000864       0x10 build/Release/production/_ext/41939163/hpl_sercom.o
                0x00000864                _usart_sync_init
 .text._usart_sync_enable
                0x00000874       0x18 build/Release/production/_ext/41939163/hpl_sercom.o
                0x00000874                _usart_sync_enable
 .text._usart_sync_write_byte
                0x0000088c        0x8 build/Release/production/_ext/41939163/hpl_sercom.o
                0x0000088c                _usart_sync_write_byte
 .text._usart_sync_read_byte
                0x00000894        0x8 build/Release/production/_ext/41939163/hpl_sercom.o
                0x00000894                _usart_sync_read_byte
 .text._usart_sync_is_ready_to_send
                0x0000089c        0xa build/Release/production/_ext/41939163/hpl_sercom.o
                0x0000089c                _usart_sync_is_ready_to_send
 .text._usart_sync_is_transmit_done
                0x000008a6        0xa build/Release/production/_ext/41939163/hpl_sercom.o
                0x000008a6                _usart_sync_is_transmit_done
 .text._usart_sync_is_byte_received
                0x000008b0        0xa build/Release/production/_ext/41939163/hpl_sercom.o
                0x000008b0                _usart_sync_is_byte_received
 *fill*         0x000008ba        0x2 
 .text._i2c_m_sync_init
                0x000008bc       0x10 build/Release/production/_ext/41939163/hpl_sercom.o
                0x000008bc                _i2c_m_sync_init
 .text._i2c_m_sync_transfer
                0x000008cc      0x148 build/Release/production/_ext/41939163/hpl_sercom.o
                0x000008cc                _i2c_m_sync_transfer
 .text.secure_console_puts
                0x00000a14       0x20 build/Release/production/_ext/792924830/SecureAuthentication.o
                0x00000a14                secure_console_puts
 .text.non_secure_console_puts
                0x00000a34       0x20 build/Release/production/_ext/792924830/SecureAuthentication.o
                0x00000a34                non_secure_console_puts
 .text._read    0x00000a54       0x1c build/Release/production/_ext/565800185/read.o
                0x00000a54                _read
 .text._write   0x00000a70       0x20 build/Release/production/_ext/565800185/write.o
                0x00000a70                _write
 .text.stdio_io_init
                0x00000a90       0x2c build/Release/production/_ext/433002239/stdio_io.o
                0x00000a90                stdio_io_init
 .text.stdio_io_read
                0x00000abc       0x20 build/Release/production/_ext/433002239/stdio_io.o
                0x00000abc                stdio_io_read
 .text.stdio_io_write
                0x00000adc       0x20 build/Release/production/_ext/433002239/stdio_io.o
                0x00000adc                stdio_io_write
 .text.atmel_start_init
                0x00000afc       0x34 build/Release/production/_ext/1472/atmel_start.o
                0x00000afc                atmel_start_init
 .text._gpio_set_pin_function
                0x00000b30       0x70 build/Release/production/_ext/1472/driver_init.o
 .text.TARGET_IO_PORT_init
                0x00000ba0       0x20 build/Release/production/_ext/1472/driver_init.o
                0x00000ba0                TARGET_IO_PORT_init
 .text.TARGET_IO_CLOCK_init
                0x00000bc0       0x24 build/Release/production/_ext/1472/driver_init.o
                0x00000bc0                TARGET_IO_CLOCK_init
 .text.TARGET_IO_init
                0x00000be4       0x2c build/Release/production/_ext/1472/driver_init.o
                0x00000be4                TARGET_IO_init
 .text.I2C_0_PORT_init
                0x00000c10       0x38 build/Release/production/_ext/1472/driver_init.o
                0x00000c10                I2C_0_PORT_init
 .text.I2C_0_CLOCK_init
                0x00000c48       0x24 build/Release/production/_ext/1472/driver_init.o
                0x00000c48                I2C_0_CLOCK_init
 .text.I2C_0_init
                0x00000c6c       0x28 build/Release/production/_ext/1472/driver_init.o
                0x00000c6c                I2C_0_init
 .text.system_init
                0x00000c94       0x1c build/Release/production/_ext/1472/driver_init.o
                0x00000c94                system_init
 .text.startup.main
                0x00000cb0       0x44 build/Release/production/_ext/1472/main.o
                0x00000cb0                main
 .text.stdio_redirect_init
                0x00000cf4       0x20 build/Release/production/_ext/1472/stdio_start.o
                0x00000cf4                stdio_redirect_init
 .text          0x00000d14       0x32 c:/program files (x86)/atmel/studio/7.0/toolchain/arm/arm-gnu-toolchain/bin/../lib/gcc/arm-none-eabi/6.3.1/thumb/v8-m.base\libgcc.a(cmse_nonsecure_call.o)
                0x00000d14                __gnu_cmse_nonsecure_call
 *fill*         0x00000d46        0x2 
 .text.__libc_init_array
                0x00000d48       0x50 c:/program files (x86)/atmel/studio/7.0/toolchain/arm/arm-gnu-toolchain/bin/../lib/gcc/arm-none-eabi/6.3.1/../../../../arm-none-eabi/lib/thumb/v8-m.base\libc_nano.a(lib_a-init.o)
                0x00000d48                __libc_init_array
 .text.memset   0x00000d98       0x10 c:/program files (x86)/atmel/studio/7.0/toolchain/arm/arm-gnu-toolchain/bin/../lib/gcc/arm-none-eabi/6.3.1/../../../../arm-none-eabi/lib/thumb/v8-m.base\libc_nano.a(lib_a-memset.o)
                0x00000d98                memset
 .text.printf   0x00000da8       0x30 c:/program files (x86)/atmel/studio/7.0/toolchain/arm/arm-gnu-toolchain/bin/../lib/gcc/arm-none-eabi/6.3.1/../../../../arm-none-eabi/lib/thumb/v8-m.base\libc_nano.a(lib_a-printf.o)
                0x00000da8                iprintf
                0x00000da8                printf
 .text.setbuf   0x00000dd8       0x12 c:/program files (x86)/atmel/studio/7.0/toolchain/arm/arm-gnu-toolchain/bin/../lib/gcc/arm-none-eabi/6.3.1/../../../../arm-none-eabi/lib/thumb/v8-m.base\libc_nano.a(lib_a-setbuf.o)
                0x00000dd8                setbuf
 *fill*         0x00000dea        0x2 
 .text.setvbuf  0x00000dec      0x150 c:/program files (x86)/atmel/studio/7.0/toolchain/arm/arm-gnu-toolchain/bin/../lib/gcc/arm-none-eabi/6.3.1/../../../../arm-none-eabi/lib/thumb/v8-m.base\libc_nano.a(lib_a-setvbuf.o)
                0x00000dec                setvbuf
 .text.__swbuf_r
                0x00000f3c       0xa4 c:/program files (x86)/atmel/studio/7.0/toolchain/arm/arm-gnu-toolchain/bin/../lib/gcc/arm-none-eabi/6.3.1/../../../../arm-none-eabi/lib/thumb/v8-m.base\libc_nano.a(lib_a-wbuf.o)
                0x00000f3c                __swbuf_r
 .text.__swsetup_r
                0x00000fe0       0xe4 c:/program files (x86)/atmel/studio/7.0/toolchain/arm/arm-gnu-toolchain/bin/../lib/gcc/arm-none-eabi/6.3.1/../../../../arm-none-eabi/lib/thumb/v8-m.base\libc_nano.a(lib_a-wsetup.o)
                0x00000fe0                __swsetup_r
 .text.__sflush_r
                0x000010c4      0x110 c:/program files (x86)/atmel/studio/7.0/toolchain/arm/arm-gnu-toolchain/bin/../lib/gcc/arm-none-eabi/6.3.1/../../../../arm-none-eabi/lib/thumb/v8-m.base\libc_nano.a(lib_a-fflush.o)
                0x000010c4                __sflush_r
 .text._fflush_r
                0x000011d4       0x54 c:/program files (x86)/atmel/studio/7.0/toolchain/arm/arm-gnu-toolchain/bin/../lib/gcc/arm-none-eabi/6.3.1/../../../../arm-none-eabi/lib/thumb/v8-m.base\libc_nano.a(lib_a-fflush.o)
                0x000011d4                _fflush_r
 .text._cleanup_r
                0x00001228       0x10 c:/program files (x86)/atmel/studio/7.0/toolchain/arm/arm-gnu-toolchain/bin/../lib/gcc/arm-none-eabi/6.3.1/../../../../arm-none-eabi/lib/thumb/v8-m.base\libc_nano.a(lib_a-findfp.o)
                0x00001228                _cleanup_r
 .text.std.isra.0
                0x00001238       0x48 c:/program files (x86)/atmel/studio/7.0/toolchain/arm/arm-gnu-toolchain/bin/../lib/gcc/arm-none-eabi/6.3.1/../../../../arm-none-eabi/lib/thumb/v8-m.base\libc_nano.a(lib_a-findfp.o)
 .text.__sfmoreglue
                0x00001280       0x2c c:/program files (x86)/atmel/studio/7.0/toolchain/arm/arm-gnu-toolchain/bin/../lib/gcc/arm-none-eabi/6.3.1/../../../../arm-none-eabi/lib/thumb/v8-m.base\libc_nano.a(lib_a-findfp.o)
                0x00001280                __sfmoreglue
 .text.__sinit  0x000012ac       0x64 c:/program files (x86)/atmel/studio/7.0/toolchain/arm/arm-gnu-toolchain/bin/../lib/gcc/arm-none-eabi/6.3.1/../../../../arm-none-eabi/lib/thumb/v8-m.base\libc_nano.a(lib_a-findfp.o)
                0x000012ac                __sinit
 .text.__sfp    0x00001310       0x78 c:/program files (x86)/atmel/studio/7.0/toolchain/arm/arm-gnu-toolchain/bin/../lib/gcc/arm-none-eabi/6.3.1/../../../../arm-none-eabi/lib/thumb/v8-m.base\libc_nano.a(lib_a-findfp.o)
                0x00001310                __sfp
 .text._fwalk_reent
                0x00001388       0x40 c:/program files (x86)/atmel/studio/7.0/toolchain/arm/arm-gnu-toolchain/bin/../lib/gcc/arm-none-eabi/6.3.1/../../../../arm-none-eabi/lib/thumb/v8-m.base\libc_nano.a(lib_a-fwalk.o)
                0x00001388                _fwalk_reent
 .text.__swhatbuf_r
                0x000013c8       0x50 c:/program files (x86)/atmel/studio/7.0/toolchain/arm/arm-gnu-toolchain/bin/../lib/gcc/arm-none-eabi/6.3.1/../../../../arm-none-eabi/lib/thumb/v8-m.base\libc_nano.a(lib_a-makebuf.o)
                0x000013c8                __swhatbuf_r
 .text.__smakebuf_r
                0x00001418       0x80 c:/program files (x86)/atmel/studio/7.0/toolchain/arm/arm-gnu-toolchain/bin/../lib/gcc/arm-none-eabi/6.3.1/../../../../arm-none-eabi/lib/thumb/v8-m.base\libc_nano.a(lib_a-makebuf.o)
                0x00001418                __smakebuf_r
 .text.malloc   0x00001498       0x14 c:/program files (x86)/atmel/studio/7.0/toolchain/arm/arm-gnu-toolchain/bin/../lib/gcc/arm-none-eabi/6.3.1/../../../../arm-none-eabi/lib/thumb/v8-m.base\libc_nano.a(lib_a-malloc.o)
                0x00001498                malloc
 .text._free_r  0x000014ac       0x94 c:/program files (x86)/atmel/studio/7.0/toolchain/arm/arm-gnu-toolchain/bin/../lib/gcc/arm-none-eabi/6.3.1/../../../../arm-none-eabi/lib/thumb/v8-m.base\libc_nano.a(lib_a-nano-freer.o)
                0x000014ac                _free_r
 .text._malloc_r
                0x00001540       0xbc c:/program files (x86)/atmel/studio/7.0/toolchain/arm/arm-gnu-toolchain/bin/../lib/gcc/arm-none-eabi/6.3.1/../../../../arm-none-eabi/lib/thumb/v8-m.base\libc_nano.a(lib_a-nano-mallocr.o)
                0x00001540                _malloc_r
 .text.__sfputc_r
                0x000015fc       0x2a c:/program files (x86)/atmel/studio/7.0/toolchain/arm/arm-gnu-toolchain/bin/../lib/gcc/arm-none-eabi/6.3.1/../../../../arm-none-eabi/lib/thumb/v8-m.base\libc_nano.a(lib_a-nano-vfprintf.o)
 .text.__sfputs_r
                0x00001626       0x24 c:/program files (x86)/atmel/studio/7.0/toolchain/arm/arm-gnu-toolchain/bin/../lib/gcc/arm-none-eabi/6.3.1/../../../../arm-none-eabi/lib/thumb/v8-m.base\libc_nano.a(lib_a-nano-vfprintf.o)
                0x00001626                __sfputs_r
 *fill*         0x0000164a        0x2 
 .text._vfprintf_r
                0x0000164c      0x234 c:/program files (x86)/atmel/studio/7.0/toolchain/arm/arm-gnu-toolchain/bin/../lib/gcc/arm-none-eabi/6.3.1/../../../../arm-none-eabi/lib/thumb/v8-m.base\libc_nano.a(lib_a-nano-vfprintf.o)
                0x0000164c                _vfprintf_r
                0x0000164c                _vfiprintf_r
 .text._printf_common
                0x00001880       0xd8 c:/program files (x86)/atmel/studio/7.0/toolchain/arm/arm-gnu-toolchain/bin/../lib/gcc/arm-none-eabi/6.3.1/../../../../arm-none-eabi/lib/thumb/v8-m.base\libc_nano.a(lib_a-nano-vfprintf_i.o)
                0x00001880                _printf_common
 .text._printf_i
                0x00001958      0x220 c:/program files (x86)/atmel/studio/7.0/toolchain/arm/arm-gnu-toolchain/bin/../lib/gcc/arm-none-eabi/6.3.1/../../../../arm-none-eabi/lib/thumb/v8-m.base\libc_nano.a(lib_a-nano-vfprintf_i.o)
                0x00001958                _printf_i
 .text._sbrk_r  0x00001b78       0x20 c:/program files (x86)/atmel/studio/7.0/toolchain/arm/arm-gnu-toolchain/bin/../lib/gcc/arm-none-eabi/6.3.1/../../../../arm-none-eabi/lib/thumb/v8-m.base\libc_nano.a(lib_a-sbrkr.o)
                0x00001b78                _sbrk_r
 .text.__sread  0x00001b98       0x28 c:/program files (x86)/atmel/studio/7.0/toolchain/arm/arm-gnu-toolchain/bin/../lib/gcc/arm-none-eabi/6.3.1/../../../../arm-none-eabi/lib/thumb/v8-m.base\libc_nano.a(lib_a-stdio.o)
                0x00001b98                __sread
 .text.__swrite
                0x00001bc0       0x38 c:/program files (x86)/atmel/studio/7.0/toolchain/arm/arm-gnu-toolchain/bin/../lib/gcc/arm-none-eabi/6.3.1/../../../../arm-none-eabi/lib/thumb/v8-m.base\libc_nano.a(lib_a-stdio.o)
                0x00001bc0                __swrite
 .text.__sseek  0x00001bf8       0x2c c:/program files (x86)/atmel/studio/7.0/toolchain/arm/arm-gnu-toolchain/bin/../lib/gcc/arm-none-eabi/6.3.1/../../../../arm-none-eabi/lib/thumb/v8-m.base\libc_nano.a(lib_a-stdio.o)
                0x00001bf8                __sseek
 .text.__sclose
                0x00001c24        0xc c:/program files (x86)/atmel/studio/7.0/toolchain/arm/arm-gnu-toolchain/bin/../lib/gcc/arm-none-eabi/6.3.1/../../../../arm-none-eabi/lib/thumb/v8-m.base\libc_nano.a(lib_a-stdio.o)
                0x00001c24                __sclose
 .text._write_r
                0x00001c30       0x24 c:/program files (x86)/atmel/studio/7.0/toolchain/arm/arm-gnu-toolchain/bin/../lib/gcc/arm-none-eabi/6.3.1/../../../../arm-none-eabi/lib/thumb/v8-m.base\libc_nano.a(lib_a-writer.o)
                0x00001c30                _write_r
 .text._close_r
                0x00001c54       0x20 c:/program files (x86)/atmel/studio/7.0/toolchain/arm/arm-gnu-toolchain/bin/../lib/gcc/arm-none-eabi/6.3.1/../../../../arm-none-eabi/lib/thumb/v8-m.base\libc_nano.a(lib_a-closer.o)
                0x00001c54                _close_r
 .text._fstat_r
                0x00001c74       0x24 c:/program files (x86)/atmel/studio/7.0/toolchain/arm/arm-gnu-toolchain/bin/../lib/gcc/arm-none-eabi/6.3.1/../../../../arm-none-eabi/lib/thumb/v8-m.base\libc_nano.a(lib_a-fstatr.o)
                0x00001c74                _fstat_r
 .text._isatty_r
                0x00001c98       0x20 c:/program files (x86)/atmel/studio/7.0/toolchain/arm/arm-gnu-toolchain/bin/../lib/gcc/arm-none-eabi/6.3.1/../../../../arm-none-eabi/lib/thumb/v8-m.base\libc_nano.a(lib_a-isattyr.o)
                0x00001c98                _isatty_r
 .text._lseek_r
                0x00001cb8       0x24 c:/program files (x86)/atmel/studio/7.0/toolchain/arm/arm-gnu-toolchain/bin/../lib/gcc/arm-none-eabi/6.3.1/../../../../arm-none-eabi/lib/thumb/v8-m.base\libc_nano.a(lib_a-lseekr.o)
                0x00001cb8                _lseek_r
 .text.memchr   0x00001cdc       0x16 c:/program files (x86)/atmel/studio/7.0/toolchain/arm/arm-gnu-toolchain/bin/../lib/gcc/arm-none-eabi/6.3.1/../../../../arm-none-eabi/lib/thumb/v8-m.base\libc_nano.a(lib_a-memchr-stub.o)
                0x00001cdc                memchr
 .text.__malloc_lock
                0x00001cf2        0x2 c:/program files (x86)/atmel/studio/7.0/toolchain/arm/arm-gnu-toolchain/bin/../lib/gcc/arm-none-eabi/6.3.1/../../../../arm-none-eabi/lib/thumb/v8-m.base\libc_nano.a(lib_a-mlock.o)
                0x00001cf2                __malloc_lock
 .text.__malloc_unlock
                0x00001cf4        0x2 c:/program files (x86)/atmel/studio/7.0/toolchain/arm/arm-gnu-toolchain/bin/../lib/gcc/arm-none-eabi/6.3.1/../../../../arm-none-eabi/lib/thumb/v8-m.base\libc_nano.a(lib_a-mlock.o)
                0x00001cf4                __malloc_unlock
 *fill*         0x00001cf6        0x2 
 .text._read_r  0x00001cf8       0x24 c:/program files (x86)/atmel/studio/7.0/toolchain/arm/arm-gnu-toolchain/bin/../lib/gcc/arm-none-eabi/6.3.1/../../../../arm-none-eabi/lib/thumb/v8-m.base\libc_nano.a(lib_a-readr.o)
                0x00001cf8                _read_r
 *(.glue_7t)
 .glue_7t       0x00001d1c        0x0 linker stubs
 *(.glue_7)
 .glue_7        0x00001d1c        0x0 linker stubs
 *(.rodata .rodata* .gnu.linkonce.r.*)
 .rodata        0x00001d1c       0x24 build/Release/production/_ext/41939163/hpl_sercom.o
 .rodata.str1.1
                0x00001d40       0x13 build/Release/production/_ext/792924830/SecureAuthentication.o
 .rodata.str1.1
                0x00001d53       0x1c build/Release/production/_ext/1472/main.o
 *fill*         0x00001d6f        0x1 
 .rodata._global_impure_ptr
                0x00001d70        0x4 c:/program files (x86)/atmel/studio/7.0/toolchain/arm/arm-gnu-toolchain/bin/../lib/gcc/arm-none-eabi/6.3.1/../../../../arm-none-eabi/lib/thumb/v8-m.base\libc_nano.a(lib_a-impure.o)
                0x00001d70                _global_impure_ptr
 .rodata.__sf_fake_stderr
                0x00001d74       0x20 c:/program files (x86)/atmel/studio/7.0/toolchain/arm/arm-gnu-toolchain/bin/../lib/gcc/arm-none-eabi/6.3.1/../../../../arm-none-eabi/lib/thumb/v8-m.base\libc_nano.a(lib_a-findfp.o)
                0x00001d74                __sf_fake_stderr
 .rodata.__sf_fake_stdin
                0x00001d94       0x20 c:/program files (x86)/atmel/studio/7.0/toolchain/arm/arm-gnu-toolchain/bin/../lib/gcc/arm-none-eabi/6.3.1/../../../../arm-none-eabi/lib/thumb/v8-m.base\libc_nano.a(lib_a-findfp.o)
                0x00001d94                __sf_fake_stdin
 .rodata.__sf_fake_stdout
                0x00001db4       0x20 c:/program files (x86)/atmel/studio/7.0/toolchain/arm/arm-gnu-toolchain/bin/../lib/gcc/arm-none-eabi/6.3.1/../../../../arm-none-eabi/lib/thumb/v8-m.base\libc_nano.a(lib_a-findfp.o)
                0x00001db4                __sf_fake_stdout
 .rodata._vfprintf_r.str1.1
                0x00001dd4       0x11 c:/program files (x86)/atmel/studio/7.0/toolchain/arm/arm-gnu-toolchain/bin/../lib/gcc/arm-none-eabi/6.3.1/../../../../arm-none-eabi/lib/thumb/v8-m.base\libc_nano.a(lib_a-nano-vfprintf.o)
 .rodata._printf_i.str1.1
                0x00001de5       0x22 c:/program files (x86)/atmel/studio/7.0/toolchain/arm/arm-gnu-toolchain/bin/../lib/gcc/arm-none-eabi/6.3.1/../../../../arm-none-eabi/lib/thumb/v8-m.base\libc_nano.a(lib_a-nano-vfprintf_i.o)
 *(.ARM.extab* .gnu.linkonce.armextab.*)
                0x00001e08                . = ALIGN (0x4)
 *fill*         0x00001e07        0x1 
 *(.init)
 .init          0x00001e08        0x4 c:/program files (x86)/atmel/studio/7.0/toolchain/arm/arm-gnu-toolchain/bin/../lib/gcc/arm-none-eabi/6.3.1/thumb/v8-m.base/crti.o
                0x00001e08                _init
 .init          0x00001e0c        0x8 c:/program files (x86)/atmel/studio/7.0/toolchain/arm/arm-gnu-toolchain/bin/../lib/gcc/arm-none-eabi/6.3.1/thumb/v8-m.base/crtn.o
                0x00001e14                . = ALIGN (0x4)
                0x00001e14                __preinit_array_start = .
 *(.preinit_array)
                0x00001e14                __preinit_array_end = .
                0x00001e14                . = ALIGN (0x4)
                0x00001e14                __init_array_start = .
 *(SORT(.init_array.*))
 *(.init_array)
 .init_array    0x00001e14        0x4 c:/program files (x86)/atmel/studio/7.0/toolchain/arm/arm-gnu-toolchain/bin/../lib/gcc/arm-none-eabi/6.3.1/thumb/v8-m.base/crtbegin.o
                0x00001e18                __init_array_end = .
                0x00001e18                . = ALIGN (0x4)
 *crtbegin.o(.ctors)
 *(EXCLUDE_FILE(*crtend.o) .ctors)
 *(SORT(.ctors.*))
 *crtend.o(.ctors)
                0x00001e18                . = ALIGN (0x4)
 *(.fini)
 .fini          0x00001e18        0x4 c:/program files (x86)/atmel/studio/7.0/toolchain/arm/arm-gnu-toolchain/bin/../lib/gcc/arm-none-eabi/6.3.1/thumb/v8-m.base/crti.o
                0x00001e18                _fini
 .fini          0x00001e1c        0x8 c:/program files (x86)/atmel/studio/7.0/toolchain/arm/arm-gnu-toolchain/bin/../lib/gcc/arm-none-eabi/6.3.1/thumb/v8-m.base/crtn.o
                0x00001e24                . = ALIGN (0x4)
                0x00001e24                __fini_array_start = .
 *(.fini_array)
 .fini_array    0x00001e24        0x4 c:/program files (x86)/atmel/studio/7.0/toolchain/arm/arm-gnu-toolchain/bin/../lib/gcc/arm-none-eabi/6.3.1/thumb/v8-m.base/crtbegin.o
 *(SORT(.fini_array.*))
                0x00001e28                __fini_array_end = .
 *crtbegin.o(.dtors)
 *(EXCLUDE_FILE(*crtend.o) .dtors)
 *(SORT(.dtors.*))
 *crtend.o(.dtors)
                0x00001e28                . = ALIGN (0x4)
                0x00001e28                _efixed = .
                [!provide]                PROVIDE (__exidx_start, .)

.vfp11_veneer   0x00001e28        0x0
 .vfp11_veneer  0x00001e28        0x0 linker stubs

.v4_bx          0x00001e28        0x0
 .v4_bx         0x00001e28        0x0 linker stubs

.iplt           0x00001e28        0x0
 .iplt          0x00001e28        0x0 c:/program files (x86)/atmel/studio/7.0/toolchain/arm/arm-gnu-toolchain/bin/../lib/gcc/arm-none-eabi/6.3.1/thumb/v8-m.base/crtbegin.o

.rel.dyn        0x00001e28        0x0
 .rel.iplt      0x00001e28        0x0 c:/program files (x86)/atmel/studio/7.0/toolchain/arm/arm-gnu-toolchain/bin/../lib/gcc/arm-none-eabi/6.3.1/thumb/v8-m.base/crtbegin.o

.ARM.exidx
 *(.ARM.exidx* .gnu.linkonce.armexidx.*)
                [!provide]                PROVIDE (__exidx_end, .)
                0x00001e28                . = ALIGN (0x4)
                0x00001e28                _etext = .
                0x00001e28                . = ALIGN (0x4)

.gnu.sgstubs    0x00007c00       0x20
                0x00007c00                _ssgstubs = .
 .gnu.sgstubs.__stub
                0x00007c00       0x18 linker stubs
                0x00007c00                nsc_ext_irq_init
                0x00007c08                nsc_periph_clock_init
                0x00007c10                nsc_non_secure_console_puts

.relocate       0x20000000       0x64 load address 0x00001e28
                0x20000000                . = ALIGN (0x4)
                0x20000000                _srelocate = .
 *(.ramfunc .ramfunc.*)
 *(.data .data.*)
 .data._impure_ptr
                0x20000000        0x4 c:/program files (x86)/atmel/studio/7.0/toolchain/arm/arm-gnu-toolchain/bin/../lib/gcc/arm-none-eabi/6.3.1/../../../../arm-none-eabi/lib/thumb/v8-m.base\libc_nano.a(lib_a-impure.o)
                0x20000000                _impure_ptr
 .data.impure_data
                0x20000004       0x60 c:/program files (x86)/atmel/studio/7.0/toolchain/arm/arm-gnu-toolchain/bin/../lib/gcc/arm-none-eabi/6.3.1/../../../../arm-none-eabi/lib/thumb/v8-m.base\libc_nano.a(lib_a-impure.o)
                0x20000064                . = ALIGN (0x4)
                0x20000064                _erelocate = .

.bss            0x20000064       0x5c load address 0x00001e8c
                0x20000064                . = ALIGN (0x4)
                0x20000064                _sbss = .
                0x20000064                _szero = .
 *(.bss .bss.*)
 .bss           0x20000064       0x1c c:/program files (x86)/atmel/studio/7.0/toolchain/arm/arm-gnu-toolchain/bin/../lib/gcc/arm-none-eabi/6.3.1/thumb/v8-m.base/crtbegin.o
 .bss           0x20000080        0x4 build/Release/production/_ext/447684357/utils_syscalls.o
 .bss           0x20000084        0x4 build/Release/production/_ext/433002239/stdio_io.o
 .bss.__malloc_free_list
                0x20000088        0x4 c:/program files (x86)/atmel/studio/7.0/toolchain/arm/arm-gnu-toolchain/bin/../lib/gcc/arm-none-eabi/6.3.1/../../../../arm-none-eabi/lib/thumb/v8-m.base\libc_nano.a(lib_a-nano-mallocr.o)
                0x20000088                __malloc_free_list
 .bss.__malloc_sbrk_start
                0x2000008c        0x4 c:/program files (x86)/atmel/studio/7.0/toolchain/arm/arm-gnu-toolchain/bin/../lib/gcc/arm-none-eabi/6.3.1/../../../../arm-none-eabi/lib/thumb/v8-m.base\libc_nano.a(lib_a-nano-mallocr.o)
                0x2000008c                __malloc_sbrk_start
 *(COMMON)
 COMMON         0x20000090       0x2c build/Release/production/_ext/1472/driver_init.o
                0x20000090                TARGET_IO
                0x2000009c                I2C_0
 COMMON         0x200000bc        0x4 c:/program files (x86)/atmel/studio/7.0/toolchain/arm/arm-gnu-toolchain/bin/../lib/gcc/arm-none-eabi/6.3.1/../../../../arm-none-eabi/lib/thumb/v8-m.base\libc_nano.a(lib_a-reent.o)
                0x200000bc                errno
                0x200000c0                . = ALIGN (0x4)
                0x200000c0                _ebss = .
                0x200000c0                _ezero = .

.heap           0x200000c0      0x200 load address 0x00001ee8
                0x200000c0                . = ALIGN (0x8)
                0x200000c0                _sheap = .
                0x200002c0                . = (. + HEAP_SIZE)
 *fill*         0x200000c0      0x200 
                0x200002c0                . = ALIGN (0x8)
                0x200002c0                _eheap = .

.stack          0x200002c0      0x400 load address 0x000020e8
                0x200002c0                . = ALIGN (0x8)
                0x200002c0                _sstack = .
                0x200006c0                . = (. + STACK_SIZE)
 *fill*         0x200002c0      0x400 
                0x200006c0                . = ALIGN (0x8)
                0x200006c0                _estack = .
                0x200006c0                . = ALIGN (0x4)
                0x200006c0                _end = .
                0x20001fff                _ram_end_ = ((ORIGIN (ram) + LENGTH (ram)) - 0x1)

.userRowBlock   0x00804000       0x20
 *(.userrowsec)
 .userrowsec    0x00804000       0x20 build/Release/production/_ext/1708789877/trustzone_manager.o
                0x00804000                nvm_user_row
OUTPUT(dist/Release/production/Secure_project.X.production.elf elf32-littlearm)

.eh_frame       0x00804020        0x0
 .eh_frame      0x00804020        0x0 c:/program files (x86)/atmel/studio/7.0/toolchain/arm/arm-gnu-toolchain/bin/../lib/gcc/arm-none-eabi/6.3.1/thumb/v8-m.base/crtbegin.o

.jcr            0x00804020        0x0
 .jcr           0x00804020        0x0 c:/program files (x86)/atmel/studio/7.0/toolchain/arm/arm-gnu-toolchain/bin/../lib/gcc/arm-none-eabi/6.3.1/thumb/v8-m.base/crtbegin.o

.igot.plt       0x00001e28        0x0 load address 0x00804020
 .igot.plt      0x00001e28        0x0 c:/program files (x86)/atmel/studio/7.0/toolchain/arm/arm-gnu-toolchain/bin/../lib/gcc/arm-none-eabi/6.3.1/thumb/v8-m.base/crtbegin.o

.ARM.attributes
                0x00000000       0x2c
 .ARM.attributes
                0x00000000       0x22 c:/program files (x86)/atmel/studio/7.0/toolchain/arm/arm-gnu-toolchain/bin/../lib/gcc/arm-none-eabi/6.3.1/thumb/v8-m.base/crti.o
 .ARM.attributes
                0x00000022       0x30 c:/program files (x86)/atmel/studio/7.0/toolchain/arm/arm-gnu-toolchain/bin/../lib/gcc/arm-none-eabi/6.3.1/thumb/v8-m.base/crtbegin.o
 .ARM.attributes
                0x00000052       0x32 build/Release/production/_ext/1301743165/startup_saml11e16a.o
 .ARM.attributes
                0x00000084       0x32 build/Release/production/_ext/991121639/hal_i2c_m_sync.o
 .ARM.attributes
                0x000000b6       0x32 build/Release/production/_ext/991121639/hal_io.o
 .ARM.attributes
                0x000000e8       0x32 build/Release/production/_ext/991121639/hal_usart_sync.o
 .ARM.attributes
                0x0000011a       0x32 build/Release/production/_ext/447684357/utils_syscalls.o
 .ARM.attributes
                0x0000014c       0x32 build/Release/production/_ext/232825383/hpl_init.o
 .ARM.attributes
                0x0000017e       0x32 build/Release/production/_ext/232717931/hpl_gclk.o
 .ARM.attributes
                0x000001b0       0x32 build/Release/production/_ext/232539185/hpl_mclk.o
 .ARM.attributes
                0x000001e2       0x32 build/Release/production/_ext/833842894/hpl_osc32kctrl.o
 .ARM.attributes
                0x00000214       0x32 build/Release/production/_ext/1862940304/hpl_oscctrl.o
 .ARM.attributes
                0x00000246       0x32 build/Release/production/_ext/1126497609/hpl_pm.o
 .ARM.attributes
                0x00000278       0x32 build/Release/production/_ext/41939163/hpl_sercom.o
 .ARM.attributes
                0x000002aa       0x32 build/Release/production/_ext/792924830/SecureAuthentication.o
 .ARM.attributes
                0x000002dc       0x32 build/Release/production/_ext/565800185/read.o
 .ARM.attributes
                0x0000030e       0x32 build/Release/production/_ext/565800185/write.o
 .ARM.attributes
                0x00000340       0x32 build/Release/production/_ext/433002239/stdio_io.o
 .ARM.attributes
                0x00000372       0x32 build/Release/production/_ext/1708789877/trustzone_manager.o
 .ARM.attributes
                0x000003a4       0x32 build/Release/production/_ext/1708789877/trustzone_veneer.o
 .ARM.attributes
                0x000003d6       0x32 build/Release/production/_ext/1472/atmel_start.o
 .ARM.attributes
                0x00000408       0x32 build/Release/production/_ext/1472/driver_init.o
 .ARM.attributes
                0x0000043a       0x32 build/Release/production/_ext/1472/main.o
 .ARM.attributes
                0x0000046c       0x32 build/Release/production/_ext/1472/stdio_start.o
 .ARM.attributes
                0x0000049e       0x20 c:/program files (x86)/atmel/studio/7.0/toolchain/arm/arm-gnu-toolchain/bin/../lib/gcc/arm-none-eabi/6.3.1/thumb/v8-m.base\libgcc.a(cmse_nonsecure_call.o)
 .ARM.attributes
                0x000004be       0x30 c:/program files (x86)/atmel/studio/7.0/toolchain/arm/arm-gnu-toolchain/bin/../lib/gcc/arm-none-eabi/6.3.1/../../../../arm-none-eabi/lib/thumb/v8-m.base\libc_nano.a(lib_a-impure.o)
 .ARM.attributes
                0x000004ee       0x30 c:/program files (x86)/atmel/studio/7.0/toolchain/arm/arm-gnu-toolchain/bin/../lib/gcc/arm-none-eabi/6.3.1/../../../../arm-none-eabi/lib/thumb/v8-m.base\libc_nano.a(lib_a-init.o)
 .ARM.attributes
                0x0000051e       0x30 c:/program files (x86)/atmel/studio/7.0/toolchain/arm/arm-gnu-toolchain/bin/../lib/gcc/arm-none-eabi/6.3.1/../../../../arm-none-eabi/lib/thumb/v8-m.base\libc_nano.a(lib_a-memset.o)
 .ARM.attributes
                0x0000054e       0x30 c:/program files (x86)/atmel/studio/7.0/toolchain/arm/arm-gnu-toolchain/bin/../lib/gcc/arm-none-eabi/6.3.1/../../../../arm-none-eabi/lib/thumb/v8-m.base\libc_nano.a(lib_a-printf.o)
 .ARM.attributes
                0x0000057e       0x30 c:/program files (x86)/atmel/studio/7.0/toolchain/arm/arm-gnu-toolchain/bin/../lib/gcc/arm-none-eabi/6.3.1/../../../../arm-none-eabi/lib/thumb/v8-m.base\libc_nano.a(lib_a-setbuf.o)
 .ARM.attributes
                0x000005ae       0x30 c:/program files (x86)/atmel/studio/7.0/toolchain/arm/arm-gnu-toolchain/bin/../lib/gcc/arm-none-eabi/6.3.1/../../../../arm-none-eabi/lib/thumb/v8-m.base\libc_nano.a(lib_a-setvbuf.o)
 .ARM.attributes
                0x000005de       0x30 c:/program files (x86)/atmel/studio/7.0/toolchain/arm/arm-gnu-toolchain/bin/../lib/gcc/arm-none-eabi/6.3.1/../../../../arm-none-eabi/lib/thumb/v8-m.base\libc_nano.a(lib_a-wbuf.o)
 .ARM.attributes
                0x0000060e       0x30 c:/program files (x86)/atmel/studio/7.0/toolchain/arm/arm-gnu-toolchain/bin/../lib/gcc/arm-none-eabi/6.3.1/../../../../arm-none-eabi/lib/thumb/v8-m.base\libc_nano.a(lib_a-wsetup.o)
 .ARM.attributes
                0x0000063e       0x30 c:/program files (x86)/atmel/studio/7.0/toolchain/arm/arm-gnu-toolchain/bin/../lib/gcc/arm-none-eabi/6.3.1/../../../../arm-none-eabi/lib/thumb/v8-m.base\libc_nano.a(lib_a-fflush.o)
 .ARM.attributes
                0x0000066e       0x30 c:/program files (x86)/atmel/studio/7.0/toolchain/arm/arm-gnu-toolchain/bin/../lib/gcc/arm-none-eabi/6.3.1/../../../../arm-none-eabi/lib/thumb/v8-m.base\libc_nano.a(lib_a-findfp.o)
 .ARM.attributes
                0x0000069e       0x30 c:/program files (x86)/atmel/studio/7.0/toolchain/arm/arm-gnu-toolchain/bin/../lib/gcc/arm-none-eabi/6.3.1/../../../../arm-none-eabi/lib/thumb/v8-m.base\libc_nano.a(lib_a-fwalk.o)
 .ARM.attributes
                0x000006ce       0x30 c:/program files (x86)/atmel/studio/7.0/toolchain/arm/arm-gnu-toolchain/bin/../lib/gcc/arm-none-eabi/6.3.1/../../../../arm-none-eabi/lib/thumb/v8-m.base\libc_nano.a(lib_a-makebuf.o)
 .ARM.attributes
                0x000006fe       0x30 c:/program files (x86)/atmel/studio/7.0/toolchain/arm/arm-gnu-toolchain/bin/../lib/gcc/arm-none-eabi/6.3.1/../../../../arm-none-eabi/lib/thumb/v8-m.base\libc_nano.a(lib_a-malloc.o)
 .ARM.attributes
                0x0000072e       0x30 c:/program files (x86)/atmel/studio/7.0/toolchain/arm/arm-gnu-toolchain/bin/../lib/gcc/arm-none-eabi/6.3.1/../../../../arm-none-eabi/lib/thumb/v8-m.base\libc_nano.a(lib_a-nano-freer.o)
 .ARM.attributes
                0x0000075e       0x30 c:/program files (x86)/atmel/studio/7.0/toolchain/arm/arm-gnu-toolchain/bin/../lib/gcc/arm-none-eabi/6.3.1/../../../../arm-none-eabi/lib/thumb/v8-m.base\libc_nano.a(lib_a-nano-mallocr.o)
 .ARM.attributes
                0x0000078e       0x30 c:/program files (x86)/atmel/studio/7.0/toolchain/arm/arm-gnu-toolchain/bin/../lib/gcc/arm-none-eabi/6.3.1/../../../../arm-none-eabi/lib/thumb/v8-m.base\libc_nano.a(lib_a-nano-vfprintf.o)
 .ARM.attributes
                0x000007be       0x30 c:/program files (x86)/atmel/studio/7.0/toolchain/arm/arm-gnu-toolchain/bin/../lib/gcc/arm-none-eabi/6.3.1/../../../../arm-none-eabi/lib/thumb/v8-m.base\libc_nano.a(lib_a-nano-vfprintf_i.o)
 .ARM.attributes
                0x000007ee       0x30 c:/program files (x86)/atmel/studio/7.0/toolchain/arm/arm-gnu-toolchain/bin/../lib/gcc/arm-none-eabi/6.3.1/../../../../arm-none-eabi/lib/thumb/v8-m.base\libc_nano.a(lib_a-sbrkr.o)
 .ARM.attributes
                0x0000081e       0x30 c:/program files (x86)/atmel/studio/7.0/toolchain/arm/arm-gnu-toolchain/bin/../lib/gcc/arm-none-eabi/6.3.1/../../../../arm-none-eabi/lib/thumb/v8-m.base\libc_nano.a(lib_a-stdio.o)
 .ARM.attributes
                0x0000084e       0x30 c:/program files (x86)/atmel/studio/7.0/toolchain/arm/arm-gnu-toolchain/bin/../lib/gcc/arm-none-eabi/6.3.1/../../../../arm-none-eabi/lib/thumb/v8-m.base\libc_nano.a(lib_a-writer.o)
 .ARM.attributes
                0x0000087e       0x30 c:/program files (x86)/atmel/studio/7.0/toolchain/arm/arm-gnu-toolchain/bin/../lib/gcc/arm-none-eabi/6.3.1/../../../../arm-none-eabi/lib/thumb/v8-m.base\libc_nano.a(lib_a-closer.o)
 .ARM.attributes
                0x000008ae       0x30 c:/program files (x86)/atmel/studio/7.0/toolchain/arm/arm-gnu-toolchain/bin/../lib/gcc/arm-none-eabi/6.3.1/../../../../arm-none-eabi/lib/thumb/v8-m.base\libc_nano.a(lib_a-fstatr.o)
 .ARM.attributes
                0x000008de       0x30 c:/program files (x86)/atmel/studio/7.0/toolchain/arm/arm-gnu-toolchain/bin/../lib/gcc/arm-none-eabi/6.3.1/../../../../arm-none-eabi/lib/thumb/v8-m.base\libc_nano.a(lib_a-isattyr.o)
 .ARM.attributes
                0x0000090e       0x30 c:/program files (x86)/atmel/studio/7.0/toolchain/arm/arm-gnu-toolchain/bin/../lib/gcc/arm-none-eabi/6.3.1/../../../../arm-none-eabi/lib/thumb/v8-m.base\libc_nano.a(lib_a-lseekr.o)
 .ARM.attributes
                0x0000093e       0x30 c:/program files (x86)/atmel/studio/7.0/toolchain/arm/arm-gnu-toolchain/bin/../lib/gcc/arm-none-eabi/6.3.1/../../../../arm-none-eabi/lib/thumb/v8-m.base\libc_nano.a(lib_a-memchr-stub.o)
 .ARM.attributes
                0x0000096e       0x30 c:/program files (x86)/atmel/studio/7.0/toolchain/arm/arm-gnu-toolchain/bin/../lib/gcc/arm-none-eabi/6.3.1/../../../../arm-none-eabi/lib/thumb/v8-m.base\libc_nano.a(lib_a-mlock.o)
 .ARM.attributes
                0x0000099e       0x30 c:/program files (x86)/atmel/studio/7.0/toolchain/arm/arm-gnu-toolchain/bin/../lib/gcc/arm-none-eabi/6.3.1/../../../../arm-none-eabi/lib/thumb/v8-m.base\libc_nano.a(lib_a-readr.o)
 .ARM.attributes
                0x000009ce       0x30 c:/program files (x86)/atmel/studio/7.0/toolchain/arm/arm-gnu-toolchain/bin/../lib/gcc/arm-none-eabi/6.3.1/../../../../arm-none-eabi/lib/thumb/v8-m.base\libc_nano.a(lib_a-reent.o)
 .ARM.attributes
                0x000009fe       0x22 c:/program files (x86)/atmel/studio/7.0/toolchain/arm/arm-gnu-toolchain/bin/../lib/gcc/arm-none-eabi/6.3.1/thumb/v8-m.base/crtn.o

.comment        0x00000000       0x59
 .comment       0x00000000       0x59 build/Release/production/_ext/1301743165/startup_saml11e16a.o
                                 0x5a (size before relaxing)
 .comment       0x00000059       0x5a build/Release/production/_ext/991121639/hal_i2c_m_sync.o
 .comment       0x00000059       0x5a build/Release/production/_ext/991121639/hal_io.o
 .comment       0x00000059       0x5a build/Release/production/_ext/991121639/hal_usart_sync.o
 .comment       0x00000059       0x5a build/Release/production/_ext/447684357/utils_syscalls.o
 .comment       0x00000059       0x5a build/Release/production/_ext/232825383/hpl_init.o
 .comment       0x00000059       0x5a build/Release/production/_ext/232717931/hpl_gclk.o
 .comment       0x00000059       0x5a build/Release/production/_ext/232539185/hpl_mclk.o
 .comment       0x00000059       0x5a build/Release/production/_ext/833842894/hpl_osc32kctrl.o
 .comment       0x00000059       0x5a build/Release/production/_ext/1862940304/hpl_oscctrl.o
 .comment       0x00000059       0x5a build/Release/production/_ext/1126497609/hpl_pm.o
 .comment       0x00000059       0x5a build/Release/production/_ext/41939163/hpl_sercom.o
 .comment       0x00000059       0x5a build/Release/production/_ext/792924830/SecureAuthentication.o
 .comment       0x00000059       0x5a build/Release/production/_ext/565800185/read.o
 .comment       0x00000059       0x5a build/Release/production/_ext/565800185/write.o
 .comment       0x00000059       0x5a build/Release/production/_ext/433002239/stdio_io.o
 .comment       0x00000059       0x5a build/Release/production/_ext/1708789877/trustzone_manager.o
 .comment       0x00000059       0x5a build/Release/production/_ext/1708789877/trustzone_veneer.o
 .comment       0x00000059       0x5a build/Release/production/_ext/1472/atmel_start.o
 .comment       0x00000059       0x5a build/Release/production/_ext/1472/driver_init.o
 .comment       0x00000059       0x5a build/Release/production/_ext/1472/main.o
 .comment       0x00000059       0x5a build/Release/production/_ext/1472/stdio_start.o

.debug_frame    0x00000000      0x7a0
 .debug_frame   0x00000000       0x2c c:/program files (x86)/atmel/studio/7.0/toolchain/arm/arm-gnu-toolchain/bin/../lib/gcc/arm-none-eabi/6.3.1/../../../../arm-none-eabi/lib/thumb/v8-m.base\libc_nano.a(lib_a-init.o)
 .debug_frame   0x0000002c       0x20 c:/program files (x86)/atmel/studio/7.0/toolchain/arm/arm-gnu-toolchain/bin/../lib/gcc/arm-none-eabi/6.3.1/../../../../arm-none-eabi/lib/thumb/v8-m.base\libc_nano.a(lib_a-memset.o)
 .debug_frame   0x0000004c       0x50 c:/program files (x86)/atmel/studio/7.0/toolchain/arm/arm-gnu-toolchain/bin/../lib/gcc/arm-none-eabi/6.3.1/../../../../arm-none-eabi/lib/thumb/v8-m.base\libc_nano.a(lib_a-printf.o)
 .debug_frame   0x0000009c       0x28 c:/program files (x86)/atmel/studio/7.0/toolchain/arm/arm-gnu-toolchain/bin/../lib/gcc/arm-none-eabi/6.3.1/../../../../arm-none-eabi/lib/thumb/v8-m.base\libc_nano.a(lib_a-setbuf.o)
 .debug_frame   0x000000c4       0x30 c:/program files (x86)/atmel/studio/7.0/toolchain/arm/arm-gnu-toolchain/bin/../lib/gcc/arm-none-eabi/6.3.1/../../../../arm-none-eabi/lib/thumb/v8-m.base\libc_nano.a(lib_a-setvbuf.o)
 .debug_frame   0x000000f4       0x48 c:/program files (x86)/atmel/studio/7.0/toolchain/arm/arm-gnu-toolchain/bin/../lib/gcc/arm-none-eabi/6.3.1/../../../../arm-none-eabi/lib/thumb/v8-m.base\libc_nano.a(lib_a-wbuf.o)
 .debug_frame   0x0000013c       0x2c c:/program files (x86)/atmel/studio/7.0/toolchain/arm/arm-gnu-toolchain/bin/../lib/gcc/arm-none-eabi/6.3.1/../../../../arm-none-eabi/lib/thumb/v8-m.base\libc_nano.a(lib_a-wsetup.o)
 .debug_frame   0x00000168       0x68 c:/program files (x86)/atmel/studio/7.0/toolchain/arm/arm-gnu-toolchain/bin/../lib/gcc/arm-none-eabi/6.3.1/../../../../arm-none-eabi/lib/thumb/v8-m.base\libc_nano.a(lib_a-fflush.o)
 .debug_frame   0x000001d0      0x140 c:/program files (x86)/atmel/studio/7.0/toolchain/arm/arm-gnu-toolchain/bin/../lib/gcc/arm-none-eabi/6.3.1/../../../../arm-none-eabi/lib/thumb/v8-m.base\libc_nano.a(lib_a-findfp.o)
 .debug_frame   0x00000310       0x58 c:/program files (x86)/atmel/studio/7.0/toolchain/arm/arm-gnu-toolchain/bin/../lib/gcc/arm-none-eabi/6.3.1/../../../../arm-none-eabi/lib/thumb/v8-m.base\libc_nano.a(lib_a-fwalk.o)
 .debug_frame   0x00000368       0x54 c:/program files (x86)/atmel/studio/7.0/toolchain/arm/arm-gnu-toolchain/bin/../lib/gcc/arm-none-eabi/6.3.1/../../../../arm-none-eabi/lib/thumb/v8-m.base\libc_nano.a(lib_a-makebuf.o)
 .debug_frame   0x000003bc       0x40 c:/program files (x86)/atmel/studio/7.0/toolchain/arm/arm-gnu-toolchain/bin/../lib/gcc/arm-none-eabi/6.3.1/../../../../arm-none-eabi/lib/thumb/v8-m.base\libc_nano.a(lib_a-malloc.o)
 .debug_frame   0x000003fc       0x2c c:/program files (x86)/atmel/studio/7.0/toolchain/arm/arm-gnu-toolchain/bin/../lib/gcc/arm-none-eabi/6.3.1/../../../../arm-none-eabi/lib/thumb/v8-m.base\libc_nano.a(lib_a-nano-freer.o)
 .debug_frame   0x00000428       0x2c c:/program files (x86)/atmel/studio/7.0/toolchain/arm/arm-gnu-toolchain/bin/../lib/gcc/arm-none-eabi/6.3.1/../../../../arm-none-eabi/lib/thumb/v8-m.base\libc_nano.a(lib_a-nano-mallocr.o)
 .debug_frame   0x00000454       0x9c c:/program files (x86)/atmel/studio/7.0/toolchain/arm/arm-gnu-toolchain/bin/../lib/gcc/arm-none-eabi/6.3.1/../../../../arm-none-eabi/lib/thumb/v8-m.base\libc_nano.a(lib_a-nano-vfprintf.o)
 .debug_frame   0x000004f0       0x54 c:/program files (x86)/atmel/studio/7.0/toolchain/arm/arm-gnu-toolchain/bin/../lib/gcc/arm-none-eabi/6.3.1/../../../../arm-none-eabi/lib/thumb/v8-m.base\libc_nano.a(lib_a-nano-vfprintf_i.o)
 .debug_frame   0x00000544       0x2c c:/program files (x86)/atmel/studio/7.0/toolchain/arm/arm-gnu-toolchain/bin/../lib/gcc/arm-none-eabi/6.3.1/../../../../arm-none-eabi/lib/thumb/v8-m.base\libc_nano.a(lib_a-sbrkr.o)
 .debug_frame   0x00000570       0x90 c:/program files (x86)/atmel/studio/7.0/toolchain/arm/arm-gnu-toolchain/bin/../lib/gcc/arm-none-eabi/6.3.1/../../../../arm-none-eabi/lib/thumb/v8-m.base\libc_nano.a(lib_a-stdio.o)
 .debug_frame   0x00000600       0x2c c:/program files (x86)/atmel/studio/7.0/toolchain/arm/arm-gnu-toolchain/bin/../lib/gcc/arm-none-eabi/6.3.1/../../../../arm-none-eabi/lib/thumb/v8-m.base\libc_nano.a(lib_a-writer.o)
 .debug_frame   0x0000062c       0x2c c:/program files (x86)/atmel/studio/7.0/toolchain/arm/arm-gnu-toolchain/bin/../lib/gcc/arm-none-eabi/6.3.1/../../../../arm-none-eabi/lib/thumb/v8-m.base\libc_nano.a(lib_a-closer.o)
 .debug_frame   0x00000658       0x2c c:/program files (x86)/atmel/studio/7.0/toolchain/arm/arm-gnu-toolchain/bin/../lib/gcc/arm-none-eabi/6.3.1/../../../../arm-none-eabi/lib/thumb/v8-m.base\libc_nano.a(lib_a-fstatr.o)
 .debug_frame   0x00000684       0x2c c:/program files (x86)/atmel/studio/7.0/toolchain/arm/arm-gnu-toolchain/bin/../lib/gcc/arm-none-eabi/6.3.1/../../../../arm-none-eabi/lib/thumb/v8-m.base\libc_nano.a(lib_a-isattyr.o)
 .debug_frame   0x000006b0       0x2c c:/program files (x86)/atmel/studio/7.0/toolchain/arm/arm-gnu-toolchain/bin/../lib/gcc/arm-none-eabi/6.3.1/../../../../arm-none-eabi/lib/thumb/v8-m.base\libc_nano.a(lib_a-lseekr.o)
 .debug_frame   0x000006dc       0x20 c:/program files (x86)/atmel/studio/7.0/toolchain/arm/arm-gnu-toolchain/bin/../lib/gcc/arm-none-eabi/6.3.1/../../../../arm-none-eabi/lib/thumb/v8-m.base\libc_nano.a(lib_a-memchr-stub.o)
 .debug_frame   0x000006fc       0x30 c:/program files (x86)/atmel/studio/7.0/toolchain/arm/arm-gnu-toolchain/bin/../lib/gcc/arm-none-eabi/6.3.1/../../../../arm-none-eabi/lib/thumb/v8-m.base\libc_nano.a(lib_a-mlock.o)
 .debug_frame   0x0000072c       0x2c c:/program files (x86)/atmel/studio/7.0/toolchain/arm/arm-gnu-toolchain/bin/../lib/gcc/arm-none-eabi/6.3.1/../../../../arm-none-eabi/lib/thumb/v8-m.base\libc_nano.a(lib_a-readr.o)
 .debug_frame   0x00000758       0x48 c:/program files (x86)/atmel/studio/7.0/toolchain/arm/arm-gnu-toolchain/bin/../lib/gcc/arm-none-eabi/6.3.1/../../../../arm-none-eabi/lib/thumb/v8-m.base\libc_nano.a(lib_a-reent.o)
