Archive member included to satisfy reference by file (symbol)

c:/program files (x86)/atmel/studio/7.0/toolchain/arm/arm-gnu-toolchain/bin/../lib/gcc/arm-none-eabi/6.3.1/../../../../arm-none-eabi/lib/thumb/v8-m.base\libc_nano.a(lib_a-exit.o)
                              c:/program files (x86)/atmel/studio/7.0/toolchain/arm/arm-gnu-toolchain/bin/../lib/gcc/arm-none-eabi/6.3.1/../../../../arm-none-eabi/lib/thumb/v8-m.base/crt0.o (exit)
c:/program files (x86)/atmel/studio/7.0/toolchain/arm/arm-gnu-toolchain/bin/../lib/gcc/arm-none-eabi/6.3.1/../../../../arm-none-eabi/lib/thumb/v8-m.base\libc_nano.a(lib_a-impure.o)
                              c:/program files (x86)/atmel/studio/7.0/toolchain/arm/arm-gnu-toolchain/bin/../lib/gcc/arm-none-eabi/6.3.1/../../../../arm-none-eabi/lib/thumb/v8-m.base\libc_nano.a(lib_a-exit.o) (_global_impure_ptr)
c:/program files (x86)/atmel/studio/7.0/toolchain/arm/arm-gnu-toolchain/bin/../lib/gcc/arm-none-eabi/6.3.1/../../../../arm-none-eabi/lib/thumb/v8-m.base\libc_nano.a(lib_a-init.o)
                              c:/program files (x86)/atmel/studio/7.0/toolchain/arm/arm-gnu-toolchain/bin/../lib/gcc/arm-none-eabi/6.3.1/../../../../arm-none-eabi/lib/thumb/v8-m.base/crt0.o (__libc_init_array)
c:/program files (x86)/atmel/studio/7.0/toolchain/arm/arm-gnu-toolchain/bin/../lib/gcc/arm-none-eabi/6.3.1/../../../../arm-none-eabi/lib/thumb/v8-m.base\libc_nano.a(lib_a-memset.o)
                              c:/program files (x86)/atmel/studio/7.0/toolchain/arm/arm-gnu-toolchain/bin/../lib/gcc/arm-none-eabi/6.3.1/../../../../arm-none-eabi/lib/thumb/v8-m.base/crt0.o (memset)
c:/program files (x86)/atmel/studio/7.0/toolchain/arm/arm-gnu-toolchain/bin/../lib/gcc/arm-none-eabi/6.3.1/../../../../arm-none-eabi/lib/thumb/v8-m.base\libc_nano.a(lib_a-printf.o)
                              build/Release/production/_ext/447684357/utils_syscalls.o (printf)
c:/program files (x86)/atmel/studio/7.0/toolchain/arm/arm-gnu-toolchain/bin/../lib/gcc/arm-none-eabi/6.3.1/../../../../arm-none-eabi/lib/thumb/v8-m.base\libc_nano.a(lib_a-findfp.o)
                              c:/program files (x86)/atmel/studio/7.0/toolchain/arm/arm-gnu-toolchain/bin/../lib/gcc/arm-none-eabi/6.3.1/../../../../arm-none-eabi/lib/thumb/v8-m.base\libc_nano.a(lib_a-printf.o) (__sinit)
c:/program files (x86)/atmel/studio/7.0/toolchain/arm/arm-gnu-toolchain/bin/../lib/gcc/arm-none-eabi/6.3.1/../../../../arm-none-eabi/lib/thumb/v8-m.base\libc_nano.a(lib_a-fwalk.o)
                              c:/program files (x86)/atmel/studio/7.0/toolchain/arm/arm-gnu-toolchain/bin/../lib/gcc/arm-none-eabi/6.3.1/../../../../arm-none-eabi/lib/thumb/v8-m.base\libc_nano.a(lib_a-findfp.o) (_fwalk)
c:/program files (x86)/atmel/studio/7.0/toolchain/arm/arm-gnu-toolchain/bin/../lib/gcc/arm-none-eabi/6.3.1/../../../../arm-none-eabi/lib/thumb/v8-m.base\libc_nano.a(lib_a-nano-mallocr.o)
                              c:/program files (x86)/atmel/studio/7.0/toolchain/arm/arm-gnu-toolchain/bin/../lib/gcc/arm-none-eabi/6.3.1/../../../../arm-none-eabi/lib/thumb/v8-m.base\libc_nano.a(lib_a-findfp.o) (_malloc_r)
c:/program files (x86)/atmel/studio/7.0/toolchain/arm/arm-gnu-toolchain/bin/../lib/gcc/arm-none-eabi/6.3.1/../../../../arm-none-eabi/lib/thumb/v8-m.base\libc_nano.a(lib_a-nano-vfprintf.o)
                              c:/program files (x86)/atmel/studio/7.0/toolchain/arm/arm-gnu-toolchain/bin/../lib/gcc/arm-none-eabi/6.3.1/../../../../arm-none-eabi/lib/thumb/v8-m.base\libc_nano.a(lib_a-printf.o) (_vfprintf_r)
c:/program files (x86)/atmel/studio/7.0/toolchain/arm/arm-gnu-toolchain/bin/../lib/gcc/arm-none-eabi/6.3.1/../../../../arm-none-eabi/lib/thumb/v8-m.base\libc_nano.a(lib_a-nano-vfprintf_i.o)
                              c:/program files (x86)/atmel/studio/7.0/toolchain/arm/arm-gnu-toolchain/bin/../lib/gcc/arm-none-eabi/6.3.1/../../../../arm-none-eabi/lib/thumb/v8-m.base\libc_nano.a(lib_a-nano-vfprintf.o) (_printf_i)
c:/program files (x86)/atmel/studio/7.0/toolchain/arm/arm-gnu-toolchain/bin/../lib/gcc/arm-none-eabi/6.3.1/../../../../arm-none-eabi/lib/thumb/v8-m.base\libc_nano.a(lib_a-sbrkr.o)
                              c:/program files (x86)/atmel/studio/7.0/toolchain/arm/arm-gnu-toolchain/bin/../lib/gcc/arm-none-eabi/6.3.1/../../../../arm-none-eabi/lib/thumb/v8-m.base\libc_nano.a(lib_a-nano-mallocr.o) (_sbrk_r)
c:/program files (x86)/atmel/studio/7.0/toolchain/arm/arm-gnu-toolchain/bin/../lib/gcc/arm-none-eabi/6.3.1/../../../../arm-none-eabi/lib/thumb/v8-m.base\libc_nano.a(lib_a-stdio.o)
                              c:/program files (x86)/atmel/studio/7.0/toolchain/arm/arm-gnu-toolchain/bin/../lib/gcc/arm-none-eabi/6.3.1/../../../../arm-none-eabi/lib/thumb/v8-m.base\libc_nano.a(lib_a-findfp.o) (__sread)
c:/program files (x86)/atmel/studio/7.0/toolchain/arm/arm-gnu-toolchain/bin/../lib/gcc/arm-none-eabi/6.3.1/../../../../arm-none-eabi/lib/thumb/v8-m.base\libc_nano.a(lib_a-wbuf.o)
[...]
Memory Configuration

Name             Origin             Length             Attributes
rom              0x00008000         0x00008000         xr
ram              0x20002000         0x00002000         xrw
*default*        0x00000000         0xffffffff

Linker script and memory map

LOAD c:/program files (x86)/atmel/studio/7.0/toolchain/arm/arm-gnu-toolchain/bin/../lib/gcc/arm-none-eabi/6.3.1/thumb/v8-m.base/crti.o
LOAD c:/program files (x86)/atmel/studio/7.0/toolchain/arm/arm-gnu-toolchain/bin/../lib/gcc/arm-none-eabi/6.3.1/thumb/v8-m.base/crtbegin.o
LOAD c:/program files (x86)/atmel/studio/7.0/toolchain/arm/arm-gnu-toolchain/bin/../lib/gcc/arm-none-eabi/6.3.1/../../../../arm-none-eabi/lib/thumb/v8-m.base/crt0.o
LOAD build/Release/production/_ext/1301743165/startup_saml11e16a.o
LOAD build/Release/production/_ext/1301743165/system_saml11e16a.o
LOAD build/Release/production/_ext/1381494712/driver_examples.o
LOAD build/Release/production/_ext/991121639/hal_atomic.o
LOAD build/Release/production/_ext/991121639/hal_delay.o
LOAD build/Release/production/_ext/991121639/hal_gpio.o
LOAD build/Release/production/_ext/991121639/hal_init.o
LOAD build/Release/production/_ext/991121639/hal_io.o
LOAD build/Release/production/_ext/991121639/hal_sleep.o
LOAD build/Release/production/_ext/447684357/utils_assert.o
LOAD build/Release/production/_ext/447684357/utils_event.o
LOAD build/Release/production/_ext/447684357/utils_list.o
LOAD build/Release/production/_ext/447684357/utils_syscalls.o
LOAD build/Release/production/_ext/232825383/hpl_core_m23_base.o
LOAD build/Release/production/_ext/232825383/hpl_init.o
LOAD build/Release/production/_ext/232798043/hpl_dmac.o
LOAD build/Release/production/_ext/232717931/hpl_gclk.o
LOAD build/Release/production/_ext/232539185/hpl_mclk.o
LOAD build/Release/production/_ext/833842894/hpl_osc32kctrl.o
LOAD build/Release/production/_ext/1862940304/hpl_oscctrl.o
LOAD build/Release/production/_ext/1126497609/hpl_pm.o
LOAD build/Release/production/_ext/1472/atmel_start.o
LOAD build/Release/production/_ext/1472/driver_init.o
LOAD build/Release/production/_ext/1472/main.o
LOAD ..\..\Secure project\Debug\libsecure_gateway_veneer.lib
                0x00000001                __MPLAB_BUILD = 0x1
LOAD c:/program files (x86)/atmel/studio/7.0/toolchain/arm/arm-gnu-toolchain/bin/../lib/gcc/arm-none-eabi/6.3.1/../../../../arm-none-eabi/lib/thumb/v8-m.base\libm.a
START GROUP
LOAD c:/program files (x86)/atmel/studio/7.0/toolchain/arm/arm-gnu-toolchain/bin/../lib/gcc/arm-none-eabi/6.3.1/thumb/v8-m.base\libgcc.a
LOAD c:/program files (x86)/atmel/studio/7.0/toolchain/arm/arm-gnu-toolchain/bin/../lib/gcc/arm-none-eabi/6.3.1/../../../../arm-none-eabi/lib/thumb/v8-m.base\libc_nano.a
END GROUP
START GROUP
LOAD c:/program files (x86)/atmel/studio/7.0/toolchain/arm/arm-gnu-toolchain/bin/../lib/gcc/arm-none-eabi/6.3.1/thumb/v8-m.base\libgcc.a
LOAD c:/program files (x86)/atmel/studio/7.0/toolchain/arm/arm-gnu-toolchain/bin/../lib/gcc/arm-none-eabi/6.3.1/../../../../arm-none-eabi/lib/thumb/v8-m.base\libc_nano.a
END GROUP
LOAD c:/program files (x86)/atmel/studio/7.0/toolchain/arm/arm-gnu-toolchain/bin/../lib/gcc/arm-none-eabi/6.3.1/thumb/v8-m.base/crtend.o
LOAD c:/program files (x86)/atmel/studio/7.0/toolchain/arm/arm-gnu-toolchain/bin/../lib/gcc/arm-none-eabi/6.3.1/thumb/v8-m.base/crtn.o
                0x00000400                STACK_SIZE = DEFINED (STACK_SIZE)?STACK_SIZE:DEFINED (__stack_size__)?__stack_size__:0x400
                0x00000200                HEAP_SIZE = DEFINED (HEAP_SIZE)?HEAP_SIZE:DEFINED (__heap_size__)?__heap_size__:0x200

.text           0x00008000      0x2b4
                0x00008000                . = ALIGN (0x4)
                0x00008000                _sfixed = .
 *(.vectors .vectors.*)
 .vectors       0x00008000       0xf4 build/Release/production/_ext/1301743165/startup_saml11e16a.o
                0x00008000                exception_table
 *(.text .text.* .gnu.linkonce.t.*)
 .text          0x000080f4       0x6c c:/program files (x86)/atmel/studio/7.0/toolchain/arm/arm-gnu-toolchain/bin/../lib/gcc/arm-none-eabi/6.3.1/thumb/v8-m.base/crtbegin.o
 .text.Dummy_Handler
                0x00008160        0x2 build/Release/production/_ext/1301743165/startup_saml11e16a.o
                0x00008160                SVCall_Handler
                0x00008160                SERCOM0_2_Handler
                0x00008160                EVSYS_0_Handler
                0x00008160                TRNG_Handler
                0x00008160                HardFault_Handler
                0x00008160                ADC_RESRDY_Handler
                0x00008160                TC2_Handler
                0x00008160                AC_Handler
                0x00008160                DMAC_OTHER_Handler
                0x00008160                SysTick_Handler
                0x00008160                PendSV_Handler
                0x00008160                EVSYS_3_Handler
                0x00008160                NonMaskableInt_Handler
                0x00008160                SERCOM0_OTHER_Handler
                0x00008160                EIC_3_Handler
                0x00008160                SERCOM0_0_Handler
                0x00008160                RTC_Handler
                0x00008160                SERCOM1_OTHER_Handler
                0x00008160                EVSYS_1_Handler
                0x00008160                DMAC_0_Handler
                0x00008160                WDT_Handler
                0x00008160                TRAM_Handler
                0x00008160                EVSYS_NSCHK_Handler
                0x00008160                TC1_Handler
                0x00008160                DAC_EMPTY_Handler
                0x00008160                PAC_Handler
                0x00008160                EIC_0_Handler
                0x00008160                Dummy_Handler
                0x00008160                DMAC_2_Handler
                0x00008160                SERCOM0_1_Handler
                0x00008160                DMAC_1_Handler
                0x00008160                SERCOM1_1_Handler
                0x00008160                EIC_2_Handler
                0x00008160                NVMCTRL_Handler
                0x00008160                PORT_Handler
                0x00008160                SYSTEM_Handler
                0x00008160                SERCOM1_0_Handler
                0x00008160                SERCOM2_1_Handler
                0x00008160                SERCOM1_2_Handler
                0x00008160                EIC_1_Handler
                0x00008160                SERCOM2_2_Handler
                0x00008160                PTC_Handler
                0x00008160                EVSYS_2_Handler
                0x00008160                SERCOM2_OTHER_Handler
                0x00008160                FREQM_Handler
                0x00008160                DAC_UNDERRUN_A_Handler
                0x00008160                TC0_Handler
                0x00008160                EIC_OTHER_Handler
                0x00008160                ADC_OTHER_Handler
                0x00008160                DMAC_3_Handler
                0x00008160                SERCOM2_0_Handler
 *fill*         0x00008162        0x2 
 .text.Reset_Handler
                0x00008164       0x68 build/Release/production/_ext/1301743165/startup_saml11e16a.o
                0x00008164                Reset_Handler
 .text.atmel_start_init
                0x000081cc        0xc build/Release/production/_ext/1472/atmel_start.o
                0x000081cc                atmel_start_init
 .text.system_init
                0x000081d8       0x34 build/Release/production/_ext/1472/driver_init.o
                0x000081d8                system_init
 .text.startup.main
                0x0000820c       0x1c build/Release/production/_ext/1472/main.o
                0x0000820c                main
 .text.__libc_init_array
                0x00008228       0x50 c:/program files (x86)/atmel/studio/7.0/toolchain/arm/arm-gnu-toolchain/bin/../lib/gcc/arm-none-eabi/6.3.1/../../../../arm-none-eabi/lib/thumb/v8-m.base\libc_nano.a(lib_a-init.o)
                0x00008228                __libc_init_array
 *(.glue_7t)
 .glue_7t       0x00008278        0x0 linker stubs
 *(.glue_7)
 .glue_7        0x00008278        0x0 linker stubs
 *(.rodata .rodata* .gnu.linkonce.r.*)
 .rodata.str1.1
                0x00008278       0x1b build/Release/production/_ext/1472/main.o
 *(.ARM.extab* .gnu.linkonce.armextab.*)
                0x00008294                . = ALIGN (0x4)
 *fill*         0x00008293        0x1 
 *(.init)
 .init          0x00008294        0x4 c:/program files (x86)/atmel/studio/7.0/toolchain/arm/arm-gnu-toolchain/bin/../lib/gcc/arm-none-eabi/6.3.1/thumb/v8-m.base/crti.o
                0x00008294                _init
 .init          0x00008298        0x8 c:/program files (x86)/atmel/studio/7.0/toolchain/arm/arm-gnu-toolchain/bin/../lib/gcc/arm-none-eabi/6.3.1/thumb/v8-m.base/crtn.o
                0x000082a0                . = ALIGN (0x4)
                0x000082a0                __preinit_array_start = .
 *(.preinit_array)
                0x000082a0                __preinit_array_end = .
                0x000082a0                . = ALIGN (0x4)
                0x000082a0                __init_array_start = .
 *(SORT(.init_array.*))
 *(.init_array)
 .init_array    0x000082a0        0x4 c:/program files (x86)/atmel/studio/7.0/toolchain/arm/arm-gnu-toolchain/bin/../lib/gcc/arm-none-eabi/6.3.1/thumb/v8-m.base/crtbegin.o
                0x000082a4                __init_array_end = .
                0x000082a4                . = ALIGN (0x4)
 *crtbegin.o(.ctors)
 *(EXCLUDE_FILE(*crtend.o) .ctors)
 *(SORT(.ctors.*))
 *crtend.o(.ctors)
                0x000082a4                . = ALIGN (0x4)
 *(.fini)
 .fini          0x000082a4        0x4 c:/program files (x86)/atmel/studio/7.0/toolchain/arm/arm-gnu-toolchain/bin/../lib/gcc/arm-none-eabi/6.3.1/thumb/v8-m.base/crti.o
                0x000082a4                _fini
 .fini          0x000082a8        0x8 c:/program files (x86)/atmel/studio/7.0/toolchain/arm/arm-gnu-toolchain/bin/../lib/gcc/arm-none-eabi/6.3.1/thumb/v8-m.base/crtn.o
                0x000082b0                . = ALIGN (0x4)
                0x000082b0                __fini_array_start = .
 *(.fini_array)
 .fini_array    0x000082b0        0x4 c:/program files (x86)/atmel/studio/7.0/toolchain/arm/arm-gnu-toolchain/bin/../lib/gcc/arm-none-eabi/6.3.1/thumb/v8-m.base/crtbegin.o
 *(SORT(.fini_array.*))
                0x000082b4                __fini_array_end = .
 *crtbegin.o(.dtors)
 *(EXCLUDE_FILE(*crtend.o) .dtors)
 *(SORT(.dtors.*))
 *crtend.o(.dtors)
                0x000082b4                . = ALIGN (0x4)
                0x000082b4                _efixed = .
                [!provide]                PROVIDE (__exidx_start, .)

.vfp11_veneer   0x000082b4        0x0
 .vfp11_veneer  0x000082b4        0x0 linker stubs

.v4_bx          0x000082b4        0x0
 .v4_bx         0x000082b4        0x0 linker stubs

.iplt           0x000082b4        0x0
 .iplt          0x000082b4        0x0 c:/program files (x86)/atmel/studio/7.0/toolchain/arm/arm-gnu-toolchain/bin/../lib/gcc/arm-none-eabi/6.3.1/thumb/v8-m.base/crtbegin.o

.eh_frame       0x000082b4        0x0
 .eh_frame      0x000082b4        0x0 c:/program files (x86)/atmel/studio/7.0/toolchain/arm/arm-gnu-toolchain/bin/../lib/gcc/arm-none-eabi/6.3.1/thumb/v8-m.base/crtbegin.o

.rel.dyn        0x000082b4        0x0
 .rel.iplt      0x000082b4        0x0 c:/program files (x86)/atmel/studio/7.0/toolchain/arm/arm-gnu-toolchain/bin/../lib/gcc/arm-none-eabi/6.3.1/thumb/v8-m.base/crtbegin.o

.jcr            0x000082b4        0x0
 .jcr           0x000082b4        0x0 c:/program files (x86)/atmel/studio/7.0/toolchain/arm/arm-gnu-toolchain/bin/../lib/gcc/arm-none-eabi/6.3.1/thumb/v8-m.base/crtbegin.o

.igot.plt       0x000082b4        0x0
 .igot.plt      0x000082b4        0x0 c:/program files (x86)/atmel/studio/7.0/toolchain/arm/arm-gnu-toolchain/bin/../lib/gcc/arm-none-eabi/6.3.1/thumb/v8-m.base/crtbegin.o

.ARM.exidx
 *(.ARM.exidx* .gnu.linkonce.armexidx.*)
                [!provide]                PROVIDE (__exidx_end, .)
                0x000082b4                . = ALIGN (0x4)
                0x000082b4                _etext = .

.relocate       0x20002000        0x0 load address 0x000082b4
                0x20002000                . = ALIGN (0x4)
                0x20002000                _srelocate = .
 *(.ramfunc .ramfunc.*)
 *(.data .data.*)
                0x20002000                . = ALIGN (0x4)
                0x20002000                _erelocate = .

.bss            0x20002000       0x1c
                0x20002000                . = ALIGN (0x4)
                0x20002000                _sbss = .
                0x20002000                _szero = .
 *(.bss .bss.*)
 .bss           0x20002000       0x1c c:/program files (x86)/atmel/studio/7.0/toolchain/arm/arm-gnu-toolchain/bin/../lib/gcc/arm-none-eabi/6.3.1/thumb/v8-m.base/crtbegin.o
 *(COMMON)
                0x2000201c                . = ALIGN (0x4)
                0x2000201c                _ebss = .
                0x2000201c                _ezero = .

.heap           0x2000201c      0x204
                0x20002020                . = ALIGN (0x8)
 *fill*         0x2000201c        0x4 
                0x20002020                _sheap = .
                0x20002220                . = (. + HEAP_SIZE)
 *fill*         0x20002020      0x200 
                0x20002220                . = ALIGN (0x8)
                0x20002220                _eheap = .

.stack          0x20002220      0x400
                0x20002220                . = ALIGN (0x8)
                0x20002220                _sstack = .
                0x20002620                . = (. + STACK_SIZE)
 *fill*         0x20002220      0x400 
                0x20002620                . = ALIGN (0x8)
                0x20002620                _estack = .
                0x20002620                . = ALIGN (0x4)
                0x20002620                _end = .
                0x20003fff                _ram_end_ = ((ORIGIN (ram) + LENGTH (ram)) - 0x1)
OUTPUT(dist/Release/production/Non-Secure_project.X.production.elf elf32-littlearm)

.ARM.attributes
                0x00000000       0x2c
 .ARM.attributes
                0x00000000       0x22 c:/program files (x86)/atmel/studio/7.0/toolchain/arm/arm-gnu-toolchain/bin/../lib/gcc/arm-none-eabi/6.3.1/thumb/v8-m.base/crti.o
 .ARM.attributes
                0x00000022       0x30 c:/program files (x86)/atmel/studio/7.0/toolchain/arm/arm-gnu-toolchain/bin/../lib/gcc/arm-none-eabi/6.3.1/thumb/v8-m.base/crtbegin.o
 .ARM.attributes
                0x00000052       0x32 build/Release/production/_ext/1301743165/startup_saml11e16a.o
 .ARM.attributes
                0x00000084       0x32 build/Release/production/_ext/1472/atmel_start.o
 .ARM.attributes
                0x000000b6       0x32 build/Release/production/_ext/1472/driver_init.o
 .ARM.attributes
                0x000000e8       0x32 build/Release/production/_ext/1472/main.o
 .ARM.attributes
                0x0000011a       0x30 c:/program files (x86)/atmel/studio/7.0/toolchain/arm/arm-gnu-toolchain/bin/../lib/gcc/arm-none-eabi/6.3.1/../../../../arm-none-eabi/lib/thumb/v8-m.base\libc_nano.a(lib_a-init.o)
 .ARM.attributes
                0x0000014a       0x22 c:/program files (x86)/atmel/studio/7.0/toolchain/arm/arm-gnu-toolchain/bin/../lib/gcc/arm-none-eabi/6.3.1/thumb/v8-m.base/crtn.o

.comment        0x00000000       0x59
 .comment       0x00000000       0x59 build/Release/production/_ext/1301743165/startup_saml11e16a.o
                                 0x5a (size before relaxing)
 .comment       0x00000059       0x5a build/Release/production/_ext/1472/atmel_start.o
 .comment       0x00000059       0x5a build/Release/production/_ext/1472/driver_init.o
 .comment       0x00000059       0x5a build/Release/production/_ext/1472/main.o

.debug_frame    0x00000000       0x2c
 .debug_frame   0x00000000       0x2c c:/program files (x86)/atmel/studio/7.0/toolchain/arm/arm-gnu-toolchain/bin/../lib/gcc/arm-none-eabi/6.3.1/../../../../arm-none-eabi/lib/thumb/v8-m.base\libc_nano.a(lib_a-init.o)
